To jest test. dzia≈Çka o powierzchni __AREA_0__ jest super.
__AREA_1__  
__AREA_2__  
__AREA_3__  
__AREA_4__  
__AREA_5__  
__AREA_6__  
__AREA_7__  
__AREA_8__  
__AREA_9__  
__AREA_10__  
__AREA_11__  
__AREA_12__  
__AREA_13__  
__AREA_14__  
__AREA_15__  
__AREA_16__  
__AREA_17__  
__AREA_18__  
__AREA_19__  
__AREA_20__  
__AREA_21__  
__AREA_22__  
__AREA_23__  
__AREA_24__  
__AREA_25__  
__AREA_26__  
__AREA_27__  
__AREA_28__  
__AREA_29__  
__AREA_30__  
__AREA_31__  
__AREA_32__