TO NIE SĄ PRAWDZI
Umowa 1 - Działka pod zabudowę

UMOWA KUPNA-SPRZEDAŻY NIERUCHOMOŚCI

<PERSON_10> w dniu <DATE_0> w <LOCATION_5> pomiędzy:

SPRZEDAJĄCYM: <PERSON_0>, ur. <DATE_1>, PESEL <PESEL_0>, zamieszkały w <LOCATION_5> przy ul. Słowackiego 45/12, 30-001 <LOCATION_2>

KUPUJĄCYM: <PERSON_1>, ur. <DATE_2>, PESEL <PESEL_1>, zamieszkała w <LOCATION_25> przy ul. Marszałkowska 123/45, 00-001 <LOCATION_26>

§ 1 PRZEDMIOT UMOWY
Sprzedający sprzedaje, a Kupujący kupuje nieruchomość gruntową położoną w <LOCATION_5>, obręb geodezyjny <LOCATION_6>, działka nr 1247/15, o powierzchni 1.247 m² (jeden tysiąc dwieście czterdzieści siedem metrów kwadratowych), stanowiącą własność Sprzedającego.

§ 2 KSIĘGA WIECZYSTA
Nieruchomość wpisana jest do księgi wieczystej <ORGANIZATION_6> nr <<ORGANIZATION_6>_0> prowadzonej przez <ORGANIZATION_0> dla <LOCATION_7>-<LOCATION_8>.

§ 3 CENA
Cena sprzedaży wynosi <MONEY_0> (osiemset pięćdziesiąt tysięcy złotych).

§ 4 PŁATNOŚĆ
Kupujący wpłacił zadatek w wysokości <MONEY_1> (osiemdziesiąt pięć tysięcy złotych) w dniu <DATE_3>. Pozostała kwota <MONEY_2> (siedemset sześćdziesiąt pięć tysięcy złotych) zostanie zapłacona do dnia <DATE_4>.

---

 Umowa 2 - Mieszkanie

UMOWA KUPNA-SPRZEDAŻY LOKALU MIESZKALNEGO

<PERSON_10> w dniu <DATE_5> w <LOCATION_14> pomiędzy:

SPRZEDAJĄCYM: <PERSON_2>, ur. <DATE_6>, PESEL <PESEL_2>, zamieszkały w <LOCATION_14> przy ul. Długa 78/3, 80-001 <LOCATION_11>

KUPUJĄCYM: <PERSON_3>, ur. <DATE_7>, PESEL <PESEL_3>, zamieszkała w <LOCATION_12> przy ul. Bohaterów Monte Cassino 12/7, 81-001 <LOCATION_13>

§ 1 PRZEDMIOT UMOWY
Sprzedający sprzedaje, a Kupujący kupuje lokal mieszkalny nr 15 o powierzchni użytkowej 67,50 m² (sześćdziesiąt siedem i pół metra kwadratowego), położony w budynku przy ul. Wałowa 23 w <LOCATION_14>, wraz z udziałem w nieruchomości wspólnej wynoszącym 45/1000 (czterdzieści pięć tysięcznych) części.

§ 2 KSIĘGA WIECZYSTA
Nieruchomość wpisana jest do księgi wieczystej <ORGANIZATION_6> nr <<ORGANIZATION_6>_1> prowadzonej przez <ORGANIZATION_1>.

§ 3 CENA
Cena sprzedaży wynosi <MONEY_3> (jeden milion trzysta pięćdziesiąt tysięcy złotych).

§ 4 PŁATNOŚĆ
Kupujący wpłacił zaliczkę w wysokości <MONEY_4> (dwieście siedemdziesiąt tysięcy złotych) w dniu <DATE_8>. Pozostała kwota zostanie uregulowana kredytem hipotecznym.

---

 Umowa 3 - Grunt rolny

UMOWA KUPNA-SPRZEDAŻY GRUNTU ROLNEGO

<PERSON_10> w dniu 10 października 2024 roku w <LOCATION_17> pomiędzy:

SPRZEDAJĄCYM: <PERSON_4>, ur. <DATE_9>, PESEL <PESEL_4>, zamieszkały w miejscowości <LOCATION_20> przy ul. Rynek 5, 24-120 <LOCATION_20>

KUPUJĄCYM: <PERSON_6>, ur. <DATE_10>, PESEL <PESEL_5>, zamieszkały w <LOCATION_17> przy ul. Krakowskie Przedmieście 67/2, 20-001 <LOCATION_18>

§ 1 PRZEDMIOT UMOWY
Sprzedający sprzedaje, a Kupujący kupuje grunt rolny położony w miejscowości <LOCATION_21>, gmina <LOCATION_20>, obręb geodezyjny <LOCATION_21>, działki nr 124/3, 124/4, 125/1 o łącznej powierzchni 3,85 ha (trzy hektary osiemdziesiąt pięć arów).

§ 2 KSIĘGA WIECZYSTA
Nieruchomości wpisane są do księgi wieczystej <ORGANIZATION_6> nr <<ORGANIZATION_6>_2> prowadzonej przez <ORGANIZATION_2>.

§ 3 CENA
Cena sprzedaży wynosi <MONEY_5> (trzysta osiemdziesiąt pięć tysięcy złotych).

§ 4 PŁATNOŚĆ
Płatność nastąpi jednorazowo w dniu podpisania aktu notarialnego.

---

 Umowa 4 - Lokal użytkowy

UMOWA KUPNA-SPRZEDAŻY LOKALU UŻYTKOWEGO

<PERSON_10> w dniu <DATE_11> w <LOCATION_27> pomiędzy:

SPRZEDAJĄCYM: <PERSON_8>, ur. <DATE_12>, PESEL <PESEL_6>, zamieszkała w <LOCATION_27> przy ul. Św. <PERSON_9>, 61-001 <LOCATION_24>

KUPUJĄCYM: Spółka z o.o. <ORGANIZATION_3> z siedzibą w <LOCATION_25> przy ul. Jerozolimskie 234, 02-001 <LOCATION_26>, NIP <NIP_0>, REGON <REGON_0>

§ 1 PRZEDMIOT UMOWY
Sprzedający sprzedaje, a Kupujący kupuje lokal użytkowy nr 2 o powierzchni 125,30 m² (sto dwadzieścia pięć i trzydzieści setnych metra kwadratowego), położony w budynku przy ul. Ratajczaka 56 w <LOCATION_27>, wraz z udziałem w nieruchomości wspólnej wynoszącym 78/1000 (siedemdziesiąt osiem tysięcznych) części.

§ 2 KSIĘGA WIECZYSTA
Nieruchomość wpisana jest do księgi wieczystej <ORGANIZATION_6> nr <<ORGANIZATION_6>_3> prowadzonej przez <ORGANIZATION_5>-Nowe Miasto.

§ 3 CENA
Cena sprzedaży wynosi <MONEY_6> (dwa miliony sześćset pięćdziesiąt tysięcy złotych).

§ 4 PŁATNOŚĆ
Kupujący wpłacił zadatek w wysokości <MONEY_7> (pięćset trzydzieści tysięcy złotych) w dniu <DATE_13>. Pozostała kwota zostanie uregulowana w terminie do <DATE_14>.

---

 Umowa 5 - Dom jednorodzinny

UMOWA KUPNA-SPRZEDAŻY DOMU JEDNORODZINNEGO

<PERSON_10> w dniu <DATE_15> w <LOCATION_33> pomiędzy:

SPRZEDAJĄCYM: <PERSON_11>, ur. <DATE_16>, PESEL <PESEL_7>, zamieszkały w <LOCATION_33> przy ul. Korfantego 34, 40-001 <LOCATION_30>

KUPUJĄCYM: <PERSON_12>, ur. <DATE_17>, PESEL <PESEL_8>, zamieszkała w <LOCATION_31> przy ul. Wolności 45/8, 41-001 <LOCATION_32>

§ 1 PRZEDMIOT UMOWY
Sprzedający sprzedaje, a Kupujący kupuje dom jednorodzinny wraz z działką gruntu nr 678/12, o powierzchni 0,08 ha (osiem arów), położony w <LOCATION_33> przy ul. Różanej 17, obręb geodezyjny <LOCATION_34>.

§ 2 KSIĘGA WIECZYSTA
Nieruchomość wpisana jest do księgi wieczystej <ORGANIZATION_6> nr <<ORGANIZATION_6>_4> prowadzonej przez <ORGANIZATION_7>.

§ 3 CENA
Cena sprzedaży wynosi <MONEY_8> (jeden milion sto pięćdziesiąt tysięcy złotych).

§ 4 PŁATNOŚĆ
Kupujący wpłacił zaliczkę w wysokości <MONEY_9> (sto piętnaście tysięcy złotych) w dniu <DATE_18>. Pozostała kwota zostanie uregulowana kredytem mieszkaniowym do dnia <DATE_19>.